L 09/11/2023 - 12:48:02: World triggered "Round_Start"
L 09/11/2023 - 12:51:38: "index<2><[U:1:98202654]><TERRORIST>" picked up "vesthelm"
L 09/11/2023 - 12:51:38: "index<3><[U:1:98202654]><TERRORIST>" money change 16000-1000 = $15000 (tracked) (purchase: item_assaultsuit)
L 09/11/2023 - 12:51:38: "index<2><[U:1:98202654]><TERRORIST>" purchased "item_assaultsuit"
L 09/11/2023 - 12:51:39: "index<3><[U:1:98202654]><TERRORIST>" money change 15000-2700 = $12300 (tracked) (purchase: weapon_ak47)
L 09/11/2023 - 12:51:39: "index<2><[U:1:98202654]><TERRORIST>" picked up "ak47"
L 09/11/2023 - 12:51:39: "index<2><[U:1:98202654]><TERRORIST>" purchased "ak47"
L 09/11/2023 - 12:52:39: "index<2><[U:1:98202654]><TERRORIST>" [-229 860 78] attacked "Rezan<1><BOT><CT>" [-352 1632 23] with "ak47" (damage "34") (damage_armor "0") (health "65") (armor "0") (hitgroup "chest")
L 09/11/2023 - 12:52:40: "index<2><[U:1:98202654]><TERRORIST>" [-234 890 78] attacked "Rezan<1><BOT><CT>" [-352 1632 23] with "ak47" (damage "139") (damage_armor "0") (health "0") (armor "0") (hitgroup "head")
L 09/11/2023 - 12:52:40: "index<2><[U:1:98202654]><TERRORIST>" [-234 890 78] killed "Rezan<1><BOT><CT>" [-352 1632 23] with "ak47" (headshot)
L 09/11/2023 - 12:54:55: "Jaques<4><BOT><TERRORIST>" triggered "Got_The_Bomb"
L 09/11/2023 - 12:54:55: MatchStatus: Team "CT" is unset.
L 09/11/2023 - 12:54:55: MatchStatus: Team "TERRORIST" is unset.
L 09/11/2023 - 12:54:55: MatchStatus: Score: 2:1 on map "de_ancient" RoundsPlayed: 3
L 09/11/2023 - 12:54:55: "index<2><[U:1:98202654]><CT>" left buyzone with [ weapon_knife_karambit weapon_hkp2000 weapon_m4a1 kevlar(100) helmet ]
L 09/11/2023 - 12:54:55: "Jaques<4><BOT><TERRORIST>" left buyzone with [ weapon_knife_t weapon_glock weapon_c4 C4 ]
L 09/11/2023 - 12:54:55: Starting Freeze period
L 09/11/2023 - 12:58:39: "index<2><[U:1:98202654]><TERRORIST>" picked up "flashbang"
L 09/11/2023 - 12:58:39: "index<2><[U:1:98202654]><TERRORIST>" purchased "flashbang"
L 09/11/2023 - 12:58:48: World triggered "Round_Start"
L 09/11/2023 - 12:58:50: "index<2><[U:1:98202654]><TERRORIST>" left buyzone with [ weapon_knife_karambit weapon_c4 weapon_elite weapon_smokegrenade weapon_flashbang C4 ]
L 09/11/2023 - 12:59:05: "index<2><[U:1:98202654]><TERRORIST>" threw flashbang [1273 472 328] flashbang entindex 376)
L 09/11/2023 - 12:59:05: "index<2><[U:1:98202654]><TERRORIST>" blinded for 1.59 by "index<2><[U:1:98202654]><TERRORIST>" from flashbang entindex 376
L 09/11/2023 - 12:59:06: "index<2><[U:1:98202654]><TERRORIST>" threw smokegrenade [548 149 155]
L 09/11/2023 - 12:59:08: "index<2><[U:1:98202654]><TERRORIST>" triggered "Bomb_Begin_Plant" at bombsite B
L 09/11/2023 - 12:59:11: "index<3><[U:1:98202654]><TERRORIST>" money change 0+300 = $300 (tracked)
L 09/11/2023 - 12:59:11: "index<2><[U:1:98202654]><TERRORIST>" triggered "Planted_The_Bomb" at bombsite B
L 09/11/2023 - 12:59:52: Team "TERRORIST" triggered "SFUI_Notice_Target_Bombed" (CT "0") (T "1")
L 09/11/2023 - 12:59:52: Team "CT" scored "0" with "1" players
L 09/11/2023 - 12:59:52: Team "TERRORIST" scored "1" with "1" players
L 09/11/2023 - 12:59:52: MatchStatus: Team "CT" is unset.
L 09/11/2023 - 12:59:52: MatchStatus: Team "TERRORIST" is unset.
L 09/11/2023 - 12:59:52: MatchStatus: Score: 0:1 on map "de_ancient" RoundsPlayed: 1
L 09/11/2023 - 12:59:52: World triggered "Round_End"
L 09/11/2023 - 12:59:52: "index<3><[U:1:98202654]><TERRORIST>" money change 300+3500 = $3800 (tracked)
L 09/11/2023 - 12:59:52: "Maximus<2><BOT><CT>" money change 800+1900 = $2700 (tracked)